TIME	PID	STATE	CPU%	MEM%	RSS(KiB)
01:55:00	   4070 S+    6.0  0.0  1920
01:55:01	   4070 S+    4.0  0.0  1920
01:55:02	   4070 S+    3.0  0.0  1920
01:55:03	   4070 S+    2.4  0.0  1920
01:55:04	   4070 S+    2.0  0.0  1920
01:55:05	   4070 S+    1.7  0.0  1920
01:55:06	   4070 S+    1.5  0.0  1920
01:55:08	   4070 S+    1.3  0.0  1920
01:55:09	   4070 S+    1.2  0.0  1920
01:55:10	   4070 S+    1.1  0.0  1920
01:55:11	   4070 S+    1.0  0.0  1920
01:55:12	   4070 S+    0.9  0.0  1920
01:55:13	   4070 S+    0.8  0.0  1920
01:55:11	   4070 S+    0.8  0.0  1920
01:55:12	   4070 S+    0.7  0.0  1920
01:55:13	   4070 S+    0.7  0.0  1920
01:55:14	   4070 S+    0.6  0.0  1920
01:55:15	   4070 S+    0.6  0.0  1920
01:55:16	   4070 S+    0.6  0.0  1920
01:55:17	   4070 S+    0.5  0.0  1920
01:55:18	   4070 S+    0.5  0.0  1920
01:55:19	   4070 S+    0.5  0.0  1920
01:55:21	   4070 S+    0.5  0.0  1920
01:55:22	   4070 S+    0.4  0.0  1920
01:55:23	   4070 S+    0.4  0.0  1920
01:55:24	   4070 S+    0.4  0.0  1920
01:55:25	   4070 S+    0.4  0.0  1920
01:55:26	   4070 S+    0.4  0.0  1920
01:55:27	   4070 S+    0.4  0.0  1920
01:55:28	   4070 S+    0.3  0.0  1920
01:55:29	   4070 S+    0.3  0.0  1920
01:55:30	   4070 S+    0.3  0.0  1920
01:55:31	   4070 S+    0.3  0.0  1920
01:55:32	   4070 S+    0.3  0.0  1920
01:55:33	   4070 S+    0.3  0.0  1920
01:55:34	   4070 S+    0.3  0.0  1920
01:55:35	   4070 S+    0.3  0.0  1920
01:55:36	   4070 S+    0.3  0.0  1920
01:55:38	   4070 S+    0.3  0.0  1920
01:55:39	   4070 S+    0.3  0.0  1920
01:55:40	   4070 S+    0.2  0.0  1920
01:55:41	   4070 S+    0.2  0.0  1920
01:55:42	   4070 S+    0.2  0.0  1920
01:55:40	   4070 S+    0.2  0.0  1920
01:55:41	   4070 S+    0.2  0.0  1920
01:55:42	   4070 S+    0.2  0.0  1920
01:55:43	   4070 S+    0.2  0.0  1920
01:55:45	   4070 S+    0.2  0.0  1920
01:55:46	   4070 S+    0.2  0.0  1920
01:55:47	   4070 S+    0.2  0.0  1920
