TIME	PID	STATE	CPU%	MEM%	RSS(KiB)
01:56:27	   4434 SN+   9.0  0.4 17920
01:56:28	   4434 SN+   6.8  1.1 43520
01:56:29	   4434 SN+   4.9  1.1 43520
01:56:30	   4434 SN+   3.9  1.1 43520
01:56:31	   4434 SN+   3.7  1.7 69120
01:56:32	   4434 SN+   3.1  1.7 69120
01:56:33	   4434 SN+   2.7  1.7 69120
01:56:34	   4434 SN+   2.8  2.4 94720
01:56:35	   4434 SN+   2.5  2.4 94720
01:56:37	   4434 SN+   2.5  3.0 120320
01:56:38	   4434 SN+   2.3  3.0 120320
01:56:39	   4434 SN+   2.1  3.0 120320
01:56:40	   4434 SN+   2.3  3.7 145920
01:56:41	   4434 SN+   2.2  3.7 145920
01:56:42	   4434 SN+   2.0  3.7 145920
01:56:40	   4434 SN+   2.1  4.3 171520
01:56:41	   4434 SN+   1.9  4.3 171520
01:56:42	   4434 SN+   1.8  4.3 171520
01:56:43	   4434 SN+   1.9  5.0 197120
01:56:45	   4434 SN+   1.8  5.0 197120
01:56:46	   4434 SN+   1.8  5.0 197120
01:56:47	   4434 SN+   1.8  5.6 222720
01:56:48	   4434 SN+   1.8  5.6 222720
01:56:49	   4434 SN+   1.7  5.6 222720
01:56:50	   4434 SN+   1.8  6.3 248320
01:56:51	   4434 SN+   1.7  6.3 248320
01:56:52	   4434 SN+   1.7  6.3 248320
01:56:53	   4434 SN+   1.7  6.9 273920
01:56:54	   4434 SN+   1.7  6.9 273920
01:56:55	   4434 SN+   1.6  6.9 273920
01:56:56	4434	PROCESS_EXITED
