TIME	PID	STATE	CPU%	MEM%	RSS(KiB)
01:57:21	   4665 SN+   6.1  0.4 17920
01:57:22	   4665 SN+   4.2  0.4 17920
01:57:23	   4665 SNl+  3.9  1.1 43648
01:57:24	   4665 SNl+  3.1  1.1 43648
01:57:25	   4665 SNl+  2.5  1.1 43648
01:57:26	   4665 SNl+  2.9  1.7 69248
01:57:27	   4665 SNl+  2.5  1.7 69248
01:57:28	   4665 SNl+  2.2  1.7 69248
01:57:29	   4665 SNl+  2.6  2.4 94848
01:57:30	   4665 SNl+  2.3  2.4 94848
01:57:31	   4665 SNl+  2.1  2.4 94848
01:57:32	   4665 SNl+  2.4  3.0 120448
01:57:34	   4665 SNl+  2.2  3.0 120448
01:57:35	   4665 SNl+  2.1  3.2 126208
01:57:36	   4665 SNl+  2.3  3.7 146048
01:57:37	   4665 SNl+  2.2  3.7 146048
01:57:38	   4665 SNl+  2.2  4.3 171648
01:57:39	   4665 SNl+  2.3  4.3 171648
01:57:40	   4665 SNl+  2.1  4.3 171648
01:57:41	   4665 SNl+  2.3  5.0 197248
01:57:42	   4665 SNl+  2.3  5.0 197248
01:57:40	   4665 SNl+  2.2  5.0 197248
01:57:41	   4665 SNl+  2.3  5.6 222848
01:57:42	   4665 SNl+  2.3  5.6 222848
01:57:43	   4665 SNl+  2.3  5.6 222848
01:57:44	   4665 SNl+  2.4  6.3 248448
01:57:46	   4665 SNl+  2.3  6.3 248448
01:57:47	   4665 SNl+  2.3  6.3 248448
01:57:48	   4665 SNl+  2.4  6.9 274048
01:57:49	   4665 SNl+  2.3  6.9 274048
01:57:50	   4665 SNl+  2.3  6.9 274048
01:57:51	   4665 SNl+  2.3  7.6 299648
01:57:52	   4665 SNl+  2.3  7.6 299648
01:57:53	   4665 SNl+  2.3  7.6 299648
01:57:54	   4665 SNl+  2.4  8.2 325248
01:57:55	   4665 SNl+  2.3  8.2 325248
01:57:56	   4665 SNl+  2.3  8.2 325248
01:57:57	   4665 SNl+  2.4  8.9 350848
01:57:58	   4665 SNl+  2.3  8.9 350848
01:57:59	   4665 SNl+  2.3  8.9 350848
01:58:00	   4665 SNl+  2.4  9.5 376448
01:58:01	   4665 SNl+  2.3  9.5 376448
01:58:02	   4665 SNl+  2.3  9.5 376448
01:58:03	   4665 SNl+  2.4 10.2 402048
01:58:04	   4665 SNl+  2.4 10.2 402048
01:58:06	   4665 SNl+  2.4 10.2 402048
01:58:07	   4665 SNl+  2.4 10.8 427648
01:58:08	   4665 SNl+  2.3 10.8 427648
01:58:09	   4665 SNl+  2.3 10.8 427648
01:58:10	   4665 SNl+  2.4 11.5 453248
