>>> Starting Agent Boot Sequence...
[1/6] Checking User Account               [OK]
   ... Running as service user 'byj' (uid=1000)
[2/6] Verifying Environment Variables     [OK]
   ... All required Envs correct
[3/6] Checking Required Files             [OK]
   ... Verified 'secret.key' with correct key string.
[4/6] Checking Port Availability          [OK]
   ... Port 15034 is available.
[5/6] Verifying Log Permission            [OK]
   ... Log directory is writable: /home/byj/agent-leak-lab/logs
[6/6] Verifying Mission Environment       [OK]
   ... MEMORY_LIMIT=512MB, CPU_MAX_OCCUPY=40%, MULTI_THREAD_ENABLE=False
------------------------------------------------------------
All Boot Checks Passed!
Agent READY
2026-09-16 01:59:57,396 [INFO] [SafetyGuard] Process priority lowered (nice=10).
2026-09-16 01:59:57,398 [INFO] Agent listening at port 15034

==================================================
 [ Agent Initiate ] Resource Check
==================================================
 [ MEMORY ] Limit: 512MB 		[ OK ]
 [ CPU    ] Limit: 40%  		[ OK ]
 [ THREAD ] Concurrency: False 		[ OK ]
--------------------------------------------------
 >>> SYSTEM STATUS: STABLE. STARTING WORKLOAD MONITORING...
==================================================

2026-09-16 01:59:59,434 [INFO] >>> Scenario Selected: [Healthy System Monitoring]

>>> [SYSTEM] ALL CONFIGURATIONS OPTIMAL. RUNNING STABILITY TEST... <<<

2026-09-16 01:59:59,435 [INFO] [Scheduler] Task Scheduler Initialized.
2026-09-16 01:59:59,435 [INFO] [Scheduler] Registered Tasks: ['Thread-A', 'Thread-B', 'Thread-C']
2026-09-16 01:59:59,436 [INFO] [Scheduler] Starting task execution...
2026-09-16 01:59:59,436 [INFO] [Thread-A] Task Started. Calculating... (20%)
2026-09-16 01:59:59,491 [INFO] [Thread-A] Calculating... (40%)
2026-09-16 01:59:59,546 [INFO] [Thread-A] Preempted. Progress saved at (40%)
2026-09-16 01:59:59,601 [INFO] [Thread-B] Task Started. Calculating... (20%)
2026-09-16 01:59:59,656 [INFO] [Thread-B] Calculating... (40%)
2026-09-16 01:59:59,711 [INFO] [Thread-B] Preempted. Progress saved at (40%)
2026-09-16 01:59:59,766 [INFO] [Thread-C] Task Started. Calculating... (20%)
2026-09-16 01:59:59,820 [INFO] [Thread-C] Calculating... (40%)
2026-09-16 01:59:59,876 [INFO] [Thread-C] Preempted. Progress saved at (40%)
2026-09-16 01:59:59,931 [INFO] [Thread-A] Resumed. Calculating... (60%)
2026-09-16 01:59:59,986 [INFO] [Thread-A] Calculating... (80%)
2026-09-16 02:00:00,041 [INFO] [Thread-A] Preempted. Progress saved at (80%)
2026-09-16 02:00:00,094 [INFO] [Thread-B] Resumed. Calculating... (60%)
2026-09-16 02:00:00,146 [INFO] [Thread-B] Calculating... (80%)
2026-09-16 02:00:00,199 [INFO] [Thread-B] Preempted. Progress saved at (80%)
2026-09-16 02:00:00,255 [INFO] [Thread-C] Resumed. Calculating... (60%)
2026-09-16 02:00:00,310 [INFO] [Thread-C] Calculating... (80%)
2026-09-16 02:00:00,365 [INFO] [Thread-C] Preempted. Progress saved at (80%)
2026-09-16 02:00:00,420 [INFO] [Thread-A] Resumed. Calculating... (100%)
2026-09-16 02:00:00,476 [INFO] [Thread-B] Resumed. Calculating... (100%)
2026-09-16 02:00:00,531 [INFO] [Thread-C] Resumed. Calculating... (100%)
2026-09-16 02:00:00,587 [INFO] [Scheduler] All tasks completed.
2026-09-16 02:00:00,621 [INFO] [MemoryWorker] Current Heap: 25MB
2026-09-16 02:00:00,622 [INFO] [CpuWorker] Started. Maximum CPU Limit: 40%
2026-09-16 02:00:00,625 [INFO] [CpuWorker] Current Load: 5.00%
2026-09-16 02:00:03,689 [INFO] [MemoryWorker] Current Heap: 50MB
2026-09-16 02:00:03,999 [INFO] [CpuWorker] Current Load: 13.95%
2026-09-16 02:00:06,776 [INFO] [MemoryWorker] Current Heap: 75MB
2026-09-16 02:00:07,182 [INFO] [CpuWorker] Current Load: 16.32%
2026-09-16 02:00:09,826 [INFO] [MemoryWorker] Current Heap: 100MB
2026-09-16 02:00:10,396 [INFO] [CpuWorker] Current Load: 21.15%
2026-09-16 02:00:10,368 [INFO] [MemoryWorker] Current Heap: 125MB
2026-09-16 02:00:11,048 [INFO] [CpuWorker] Current Load: 31.00%
2026-09-16 02:00:13,437 [INFO] [MemoryWorker] Current Heap: 150MB
2026-09-16 02:00:14,174 [INFO] [CpuWorker] Current Load: 35.39%
2026-09-16 02:00:16,290 [INFO] [CpuWorker] Peak reached (40.00%). Starting cooldown...
2026-09-16 02:00:16,507 [INFO] [MemoryWorker] Current Heap: 175MB
2026-09-16 02:00:17,333 [INFO] [CpuWorker] Current Load: 40.00%
