TIME	PID	STATE	CPU%	MEM%	RSS(KiB)
01:59:59	   5393 SN+   7.9  0.4 17920
02:00:00	   5393 SN+   5.5  0.4 17920
02:00:01	   5393 SNl+  5.0  1.1 43648
02:00:02	   5393 SNl+  3.9  1.1 43648
02:00:03	   5393 SNl+  3.2  1.1 43648
02:00:04	   5393 SNl+  3.5  1.7 69248
02:00:05	   5393 SNl+  3.0  1.7 69248
02:00:06	   5393 SNl+  2.7  1.7 69248
02:00:07	   5393 SNl+  3.1  2.4 94848
02:00:08	   5393 SNl+  2.8  2.4 94848
02:00:09	   5393 SNl+  2.6  2.4 94848
02:00:10	   5393 SNl+  2.7  3.0 120448
02:00:11	   5393 SNl+  2.5  3.0 120448
02:00:10	   5393 SNl+  2.3  3.0 120448
02:00:11	   5393 SNl+  2.5  3.7 146048
02:00:12	   5393 SNl+  2.4  3.7 146048
02:00:13	   5393 SNl+  2.3  3.7 146048
02:00:14	   5393 SNl+  2.3  4.3 171648
02:00:15	   5393 SNl+  2.4  4.3 171648
02:00:16	   5393 SNl+  2.3  4.3 171648
