TIME	PID	STATE	CPU%	MEM%	RSS(KiB)
01:59:27	   5242 SN+   7.3  0.4 17792
01:59:28	   5242 SN+   4.7  0.4 17792
01:59:29	   5242 SN+   3.4  0.4 17792
01:59:30	   5242 SN+   2.7  0.4 17792
01:59:31	   5242 SN+   2.2  0.4 17792
01:59:32	   5242 SN+   1.9  0.4 17792
01:59:33	   5242 SNl+  1.7  0.4 17792
01:59:34	   5242 SNl+  1.5  0.4 17792
01:59:35	   5242 SNl+  1.4  0.4 17792
01:59:37	   5242 SNl+  1.2  0.4 17792
01:59:38	   5242 SNl+  1.1  0.4 17792
01:59:39	   5242 SNl+  1.0  0.4 17792
01:59:40	   5242 SNl+  1.0  0.4 17792
01:59:41	   5242 SNl+  0.9  0.4 17792
01:59:42	   5242 SNl+  0.8  0.4 17792
01:59:40	   5242 SNl+  0.8  0.4 17792
01:59:41	   5242 SNl+  0.7  0.4 17792
01:59:42	   5242 SNl+  0.7  0.4 17792
01:59:44	   5242 SNl+  0.7  0.4 17792
01:59:45	   5242 SNl+  0.6  0.4 17792
