TIME	PID	STATE	CPU%	MEM%	RSS(KiB)
01:54:08	   3872 S+    8.0  0.0  1920
01:54:09	   3872 S+    5.4  0.0  1920
01:54:10	   3872 S+    4.0  0.0  1920
01:54:11	   3872 S+    3.2  0.0  1920
01:54:12	   3872 S+    2.7  0.0  1920
01:54:13	   3872 S+    2.3  0.0  1920
01:54:11	   3872 S+    2.0  0.0  1920
01:54:12	   3872 S+    1.8  0.0  1920
01:54:13	   3872 S+    1.6  0.0  1920
01:54:15	   3872 S+    1.4  0.0  1920
01:54:16	   3872 S+    1.3  0.0  1920
01:54:17	   3872 S+    1.2  0.0  1920
01:54:18	   3872 S+    1.1  0.0  1920
01:54:19	   3872 S+    1.0  0.0  1920
01:54:20	   3872 S+    1.0  0.0  1920
01:54:21	   3872 S+    0.9  0.0  1920
01:54:22	   3872 S+    0.9  0.0  1920
01:54:23	   3872 S+    0.8  0.0  1920
01:54:24	   3872 S+    0.8  0.0  1920
01:54:25	   3872 S+    0.7  0.0  1920
01:54:26	   3872 S+    0.7  0.0  1920
01:54:27	   3872 S+    0.6  0.0  1920
01:54:28	   3872 S+    0.6  0.0  1920
01:54:29	   3872 S+    0.6  0.0  1920
01:54:30	   3872 S+    0.6  0.0  1920
01:54:32	   3872 S+    0.5  0.0  1920
01:54:33	   3872 S+    0.5  0.0  1920
01:54:34	   3872 S+    0.5  0.0  1920
01:54:35	3872	PROCESS_EXITED
